Last login: Tue Apr 25 14:10:49 on ttys008
sangjuneeeee@parksangjun-ui-MacBookAir ~ % pwd                   
/Users/sangjuneeeee
sangjuneeeee@parksangjun-ui-MacBookAir ~ % l
zsh: command not found: l
sangjuneeeee@parksangjun-ui-MacBookAir ~ % ls
CLionProjects		Movies			WebstormProjects
Desktop			Music			cbnu
Documents		Pictures		practice
Downloads		Public
Library			PycharmProjects
sangjuneeeee@parksangjun-ui-MacBookAir ~ % cd cbnu 
sangjuneeeee@parksangjun-ui-MacBookAir cbnu % ls
README.md		opensource2-1		test
baekjoon		practice for project2-1
sangjuneeeee@parksangjun-ui-MacBookAir cbnu % cd practice\ for\ project2-1 
sangjuneeeee@parksangjun-ui-MacBookAir practice for project2-1 % pwd
/Users/sangjuneeeee/cbnu/practice for project2-1
sangjuneeeee@parksangjun-ui-MacBookAir practice for project2-1 % l
zsh: command not found: l
sangjuneeeee@parksangjun-ui-MacBookAir practice for project2-1 % ls
css			javascript		using frameworks
html			react
sangjuneeeee@parksangjun-ui-MacBookAir practice for project2-1 % mkdir Lets_prac_git 
sangjuneeeee@parksangjun-ui-MacBookAir practice for project2-1 % ls
Lets_prac_git		html			react
css			javascript		using frameworks
sangjuneeeee@parksangjun-ui-MacBookAir practice for project2-1 % cd Lets_prac_git
sangjuneeeee@parksangjun-ui-MacBookAir Lets_prac_git % git init 
Initialized empty Git repository in /Users/sangjuneeeee/cbnu/practice for project2-1/Lets_prac_git/.git/
sangjuneeeee@parksangjun-ui-MacBookAir Lets_prac_git % git clone https://github.com/tmdwo5825-naver-com/test-study.git
Cloning into 'test-study'...
remote: Enumerating objects: 7, done.
remote: Counting objects: 100% (7/7), done.
remote: Compressing objects: 100% (3/3), done.
remote: Total 7 (delta 0), reused 6 (delta 0), pack-reused 0
Receiving objects: 100% (7/7), done.
sangjuneeeee@parksangjun-ui-MacBookAir Lets_prac_git % pwd
/Users/sangjuneeeee/cbnu/practice for project2-1/Lets_prac_git
sangjuneeeee@parksangjun-ui-MacBookAir Lets_prac_git % ls
test-study
sangjuneeeee@parksangjun-ui-MacBookAir Lets_prac_git % cd test-study 
sangjuneeeee@parksangjun-ui-MacBookAir test-study % ls
a.txt
sangjuneeeee@parksangjun-ui-MacBookAir test-study % cat a.txt 
get("hello")
string return "hello world";
sangjuneeeee@parksangjun-ui-MacBookAir test-study % git pull    
Already up to date.
sangjuneeeee@parksangjun-ui-MacBookAir test-study % git pull origin
remote: Enumerating objects: 8, done.
remote: Counting objects: 100% (8/8), done.
remote: Compressing objects: 100% (4/4), done.
remote: Total 6 (delta 0), reused 6 (delta 0), pack-reused 0
Unpacking objects: 100% (6/6), 659 bytes | 131.00 KiB/s, done.
From https://github.com/tmdwo5825-naver-com/test-study
 * [new branch]      feature/3  -> origin/feature/3
Already up to date.
sangjuneeeee@parksangjun-ui-MacBookAir test-study % touch a.txt
sangjuneeeee@parksangjun-ui-MacBookAir test-study % asdf
zsh: command not found: asdf
sangjuneeeee@parksangjun-ui-MacBookAir test-study % git branch newtest
sangjuneeeee@parksangjun-ui-MacBookAir test-study % git branch
* main
  newtest
sangjuneeeee@parksangjun-ui-MacBookAir test-study % git chekout newtest
git: 'chekout' is not a git command. See 'git --help'.

The most similar command is
	checkout
sangjuneeeee@parksangjun-ui-MacBookAir test-study % git add a.txt
sangjuneeeee@parksangjun-ui-MacBookAir test-study % git commit -m "asdfasdf"
On branch main
Your branch is up to date with 'origin/main'.

nothing to commit, working tree clean
sangjuneeeee@parksangjun-ui-MacBookAir test-study % git branch
* main
  newtest
sangjuneeeee@parksangjun-ui-MacBookAir test-study % git checkout newtest
Switched to branch 'newtest'
sangjuneeeee@parksangjun-ui-MacBookAir test-study % git commit -m "test입니다"
On branch newtest
nothing to commit, working tree clean
sangjuneeeee@parksangjun-ui-MacBookAir test-study % git branch
  main
* newtest
sangjuneeeee@parksangjun-ui-MacBookAir test-study % git status
On branch newtest
nothing to commit, working tree clean
sangjuneeeee@parksangjun-ui-MacBookAir test-study % git add a.txt
sangjuneeeee@parksangjun-ui-MacBookAir test-study % git status
On branch newtest
nothing to commit, working tree clean
sangjuneeeee@parksangjun-ui-MacBookAir test-study % a.txt  
zsh: command not found: a.txt
sangjuneeeee@parksangjun-ui-MacBookAir test-study % git status
On branch newtest
nothing to commit, working tree clean
sangjuneeeee@parksangjun-ui-MacBookAir test-study % git commit
On branch newtest
nothing to commit, working tree clean
sangjuneeeee@parksangjun-ui-MacBookAir test-study % git status
On branch newtest
nothing to commit, working tree clean
sangjuneeeee@parksangjun-ui-MacBookAir test-study % git add .
sangjuneeeee@parksangjun-ui-MacBookAir test-study % git status
On branch newtest
nothing to commit, working tree clean
sangjuneeeee@parksangjun-ui-MacBookAir test-study % git remote -v
origin	https://github.com/tmdwo5825-naver-com/test-study.git (fetch)
origin	https://github.com/tmdwo5825-naver-com/test-study.git (push)
sangjuneeeee@parksangjun-ui-MacBookAir test-study % git pull 
remote: Enumerating objects: 7, done.
remote: Counting objects: 100% (7/7), done.
remote: Compressing objects: 100% (4/4), done.
remote: Total 5 (delta 0), reused 3 (delta 0), pack-reused 0
Unpacking objects: 100% (5/5), 1.65 KiB | 338.00 KiB/s, done.
From https://github.com/tmdwo5825-naver-com/test-study
   4788438..68dc095  main       -> origin/main
There is no tracking information for the current branch.
Please specify which branch you want to merge with.
See git-pull(1) for details.

    git pull <remote> <branch>

If you wish to set tracking information for this branch you can do so with:

    git branch --set-upstream-to=origin/<branch> newtest

sangjuneeeee@parksangjun-ui-MacBookAir test-study % git status
On branch newtest
nothing to commit, working tree clean
sangjuneeeee@parksangjun-ui-MacBookAir test-study % ls
a.txt
sangjuneeeee@parksangjun-ui-MacBookAir test-study % git branch
  main
* newtest
sangjuneeeee@parksangjun-ui-MacBookAir test-study % git pull main
fatal: 'main' does not appear to be a git repository
fatal: Could not read from remote repository.

Please make sure you have the correct access rights
and the repository exists.
sangjuneeeee@parksangjun-ui-MacBookAir test-study % git switch main
Switched to branch 'main'
Your branch is behind 'origin/main' by 5 commits, and can be fast-forwarded.
  (use "git pull" to update your local branch)
sangjuneeeee@parksangjun-ui-MacBookAir test-study % git pull
Updating 4788438..68dc095
Fast-forward
 a.txt | 2 ++
 c.txt | 3 +++
 2 files changed, 5 insertions(+)
 create mode 100644 c.txt
sangjuneeeee@parksangjun-ui-MacBookAir test-study % ls
a.txt	c.txt
sangjuneeeee@parksangjun-ui-MacBookAir test-study % vi d.txt
sangjuneeeee@parksangjun-ui-MacBookAir test-study % ls
a.txt	c.txt	d.txt
sangjuneeeee@parksangjun-ui-MacBookAir test-study % cat d.txt
안녕하세요 helloworld를 소개하겠습니다.
sangjuneeeee@parksangjun-ui-MacBookAir test-study % 
sangjuneeeee@parksangjun-ui-MacBookAir test-study % git status
On branch main
Your branch is up to date with 'origin/main'.

Untracked files:
  (use "git add <file>..." to include in what will be committed)
	d.txt

nothing added to commit but untracked files present (use "git add" to track)
sangjuneeeee@parksangjun-ui-MacBookAir test-study % git add d.txt 
sangjuneeeee@parksangjun-ui-MacBookAir test-study % git status   
On branch main
Your branch is up to date with 'origin/main'.

Changes to be committed:
  (use "git restore --staged <file>..." to unstage)
	new file:   d.txt

sangjuneeeee@parksangjun-ui-MacBookAir test-study % git commit
[main f16d968] feature : hello world api를 개발한다. - 한글로 api를 만들었다. 기모찌찌빔
 1 file changed, 1 insertion(+)
 create mode 100644 d.txt
sangjuneeeee@parksangjun-ui-MacBookAir test-study % git switch -c feature/4
Switched to a new branch 'feature/4'
sangjuneeeee@parksangjun-ui-MacBookAir test-study % git push origin feature/4
Enumerating objects: 4, done.
Counting objects: 100% (4/4), done.
Delta compression using up to 8 threads
Compressing objects: 100% (3/3), done.
Writing objects: 100% (3/3), 429 bytes | 429.00 KiB/s, done.
Total 3 (delta 0), reused 0 (delta 0), pack-reused 0
remote: 
remote: Create a pull request for 'feature/4' on GitHub by visiting:
remote:      https://github.com/tmdwo5825-naver-com/test-study/pull/new/feature/4
remote: 
To https://github.com/tmdwo5825-naver-com/test-study.git
 * [new branch]      feature/4 -> feature/4
sangjuneeeee@parksangjun-ui-MacBookAir test-study % 
